---
source: src/tests/mod.rs
expression: checked_main_package
input_file: src/tests/sources/runtime/binop.scl
---
CheckedPackage {
    package_id: ModuleId(
        3,
    ),
    units: [
        CheckedTranslationUnit {
            procs: [
                CheckedProc {
                    proc_id: ProcId(
                        3,
                    ),
                    body: CheckedBlock {
                        stmts: [
                            VariableDeclaration {
                                stack_slot: StackSlotId(
                                    0,
                                ),
                                value: CheckedExpr {
                                    type_id: TypeId(
                                        2,
                                    ),
                                    lvalue: false,
                                    kind: Number(
                                        20,
                                    ),
                                },
                            },
                            VariableDeclaration {
                                stack_slot: StackSlotId(
                                    1,
                                ),
                                value: CheckedExpr {
                                    type_id: TypeId(
                                        2,
                                    ),
                                    lvalue: false,
                                    kind: Number(
                                        10,
                                    ),
                                },
                            },
                            Expr(
                                CheckedExpr {
                                    type_id: TypeId(
                                        3,
                                    ),
                                    lvalue: true,
                                    kind: DirectCall {
                                        proc_id: ProcId(
                                            1,
                                        ),
                                        params: [
                                            CheckedExpr {
                                                type_id: TypeId(
                                                    4,
                                                ),
                                                lvalue: false,
                                                kind: String(
                                                    "a + b = %d\\n",
                                                ),
                                            },
                                            CheckedExpr {
                                                type_id: TypeId(
                                                    2,
                                                ),
                                                lvalue: false,
                                                kind: BinOp {
                                                    lhs: CheckedExpr {
                                                        type_id: TypeId(
                                                            2,
                                                        ),
                                                        lvalue: true,
                                                        kind: StackValue(
                                                            StackSlotId(
                                                                0,
                                                            ),
                                                        ),
                                                    },
                                                    op: Add,
                                                    rhs: CheckedExpr {
                                                        type_id: TypeId(
                                                            2,
                                                        ),
                                                        lvalue: true,
                                                        kind: StackValue(
                                                            StackSlotId(
                                                                1,
                                                            ),
                                                        ),
                                                    },
                                                },
                                            },
                                        ],
                                        variadic_after: Some(
                                            1,
                                        ),
                                        stack_slot: StackSlotId(
                                            2,
                                        ),
                                    },
                                },
                            ),
                            Expr(
                                CheckedExpr {
                                    type_id: TypeId(
                                        3,
                                    ),
                                    lvalue: true,
                                    kind: DirectCall {
                                        proc_id: ProcId(
                                            1,
                                        ),
                                        params: [
                                            CheckedExpr {
                                                type_id: TypeId(
                                                    4,
                                                ),
                                                lvalue: false,
                                                kind: String(
                                                    "a - b = %d\\n",
                                                ),
                                            },
                                            CheckedExpr {
                                                type_id: TypeId(
                                                    2,
                                                ),
                                                lvalue: false,
                                                kind: BinOp {
                                                    lhs: CheckedExpr {
                                                        type_id: TypeId(
                                                            2,
                                                        ),
                                                        lvalue: true,
                                                        kind: StackValue(
                                                            StackSlotId(
                                                                0,
                                                            ),
                                                        ),
                                                    },
                                                    op: Subtract,
                                                    rhs: CheckedExpr {
                                                        type_id: TypeId(
                                                            2,
                                                        ),
                                                        lvalue: true,
                                                        kind: StackValue(
                                                            StackSlotId(
                                                                1,
                                                            ),
                                                        ),
                                                    },
                                                },
                                            },
                                        ],
                                        variadic_after: Some(
                                            1,
                                        ),
                                        stack_slot: StackSlotId(
                                            3,
                                        ),
                                    },
                                },
                            ),
                            Expr(
                                CheckedExpr {
                                    type_id: TypeId(
                                        3,
                                    ),
                                    lvalue: true,
                                    kind: DirectCall {
                                        proc_id: ProcId(
                                            1,
                                        ),
                                        params: [
                                            CheckedExpr {
                                                type_id: TypeId(
                                                    4,
                                                ),
                                                lvalue: false,
                                                kind: String(
                                                    "a * b = %d\\n",
                                                ),
                                            },
                                            CheckedExpr {
                                                type_id: TypeId(
                                                    2,
                                                ),
                                                lvalue: false,
                                                kind: BinOp {
                                                    lhs: CheckedExpr {
                                                        type_id: TypeId(
                                                            2,
                                                        ),
                                                        lvalue: true,
                                                        kind: StackValue(
                                                            StackSlotId(
                                                                0,
                                                            ),
                                                        ),
                                                    },
                                                    op: Multiply,
                                                    rhs: CheckedExpr {
                                                        type_id: TypeId(
                                                            2,
                                                        ),
                                                        lvalue: true,
                                                        kind: StackValue(
                                                            StackSlotId(
                                                                1,
                                                            ),
                                                        ),
                                                    },
                                                },
                                            },
                                        ],
                                        variadic_after: Some(
                                            1,
                                        ),
                                        stack_slot: StackSlotId(
                                            4,
                                        ),
                                    },
                                },
                            ),
                            Expr(
                                CheckedExpr {
                                    type_id: TypeId(
                                        3,
                                    ),
                                    lvalue: true,
                                    kind: DirectCall {
                                        proc_id: ProcId(
                                            1,
                                        ),
                                        params: [
                                            CheckedExpr {
                                                type_id: TypeId(
                                                    4,
                                                ),
                                                lvalue: false,
                                                kind: String(
                                                    "a / b = %d\\n",
                                                ),
                                            },
                                            CheckedExpr {
                                                type_id: TypeId(
                                                    2,
                                                ),
                                                lvalue: false,
                                                kind: BinOp {
                                                    lhs: CheckedExpr {
                                                        type_id: TypeId(
                                                            2,
                                                        ),
                                                        lvalue: true,
                                                        kind: StackValue(
                                                            StackSlotId(
                                                                0,
                                                            ),
                                                        ),
                                                    },
                                                    op: Divide,
                                                    rhs: CheckedExpr {
                                                        type_id: TypeId(
                                                            2,
                                                        ),
                                                        lvalue: true,
                                                        kind: StackValue(
                                                            StackSlotId(
                                                                1,
                                                            ),
                                                        ),
                                                    },
                                                },
                                            },
                                        ],
                                        variadic_after: Some(
                                            1,
                                        ),
                                        stack_slot: StackSlotId(
                                            5,
                                        ),
                                    },
                                },
                            ),
                        ],
                        last: Some(
                            CheckedExpr {
                                type_id: TypeId(
                                    2,
                                ),
                                lvalue: false,
                                kind: Number(
                                    0,
                                ),
                            },
                        ),
                        type_id: TypeId(
                            2,
                        ),
                    },
                    params: [],
                    return_type: TypeId(
                        2,
                    ),
                    stack_slots: StackSlots {
                        slots: [
                            TypeId(
                                2,
                            ),
                            TypeId(
                                2,
                            ),
                            TypeId(
                                3,
                            ),
                            TypeId(
                                3,
                            ),
                            TypeId(
                                3,
                            ),
                            TypeId(
                                3,
                            ),
                        ],
                    },
                },
            ],
        },
    ],
}
