---
source: src/tests/mod.rs
expression: stdout
input_file: src/tests/sources/assignment.scl
---

