---
source: src/tests/mod.rs
expression: stderr
input_file: src/tests/sources/runtime/assignment_via_pointer.scl
---

