---
source: src/tests/mod.rs
expression: stderr
input_file: src/tests/sources/runtime/address_of.scl
---

