---
source: src/tests/mod.rs
expression: run_cmd.status
input_file: src/tests/sources/binop.scl
---
exit status: 0
