---
source: src/tests/mod.rs
expression: stdout
input_file: src/tests/sources/runtime/impl_specific_struct_type.scl
---
123
Hello, World!
