---
source: src/tests/mod.rs
expression: run_cmd.status
input_file: src/tests/sources/runtime/impl_procs.scl
---
exit status: 0
